This is pdfTeX, Version 3.141592653-2.6-1.40.29 (TeX Live 2026/Arch Linux) (preloaded format=pdflatex 2026.7.15)  15 JUL 2026 23:01
entering extended mode
 restricted \write18 enabled.
 %&-line parsing enabled.
**formulario2.tex
(./formulario2.tex
LaTeX2e <2025-11-01>
L3 programming layer <2026-01-19>
! Undefined control sequence.
l.1 {\color
           {navy}\subsection*{6. Teoria dell'Affidabilità}}
? Q
OK, entering \batchmode...

! LaTeX Error: Missing \begin{document}.

See the LaTeX manual or LaTeX Companion for explanation.
Type  H <return>  for immediate help.
 ...                                              
                                                  
l.1 {\color{n
             avy}\subsection*{6. Teoria dell'Affidabilità}}
You're in trouble here.  Try typing  <return>  to proceed.
If that doesn't work, type  X <return>  to quit.

Missing character: There is no n in font nullfont!
Missing character: There is no a in font nullfont!
Missing character: There is no v in font nullfont!
Missing character: There is no y in font nullfont!
! Undefined control sequence.
l.1 {\color{navy}\subsection
                            *{6. Teoria dell'Affidabilità}}
The control sequence at the end of the top line
of your error message was never \def'ed. If you have
misspelled it (e.g., `\hobx'), type `I' and the correct
spelling (e.g., `I\hbox'). Otherwise just continue,
and I'll forget about whatever was undefined.

Missing character: There is no * in font nullfont!
Missing character: There is no 6 in font nullfont!
Missing character: There is no . in font nullfont!
Missing character: There is no T in font nullfont!
Missing character: There is no e in font nullfont!
Missing character: There is no o in font nullfont!
Missing character: There is no r in font nullfont!
Missing character: There is no i in font nullfont!
Missing character: There is no a in font nullfont!
Missing character: There is no d in font nullfont!
Missing character: There is no e in font nullfont!
Missing character: There is no l in font nullfont!
Missing character: There is no l in font nullfont!
Missing character: There is no ' in font nullfont!
Missing character: There is no A in font nullfont!
Missing character: There is no f in font nullfont!
Missing character: There is no f in font nullfont!
Missing character: There is no i in font nullfont!
Missing character: There is no d in font nullfont!
Missing character: There is no a in font nullfont!
Missing character: There is no b in font nullfont!
Missing character: There is no i in font nullfont!
Missing character: There is no l in font nullfont!
Missing character: There is no i in font nullfont!
Missing character: There is no t in font nullfont!
LaTeX Font Info:    Trying to load font information for +cmr on input line 1.
LaTeX Font Info:    No file cmr.fd. on input line 1.

LaTeX Font Warning: Font shape `/cmr/m/n' undefined
(Font)              using `/cmr/m/n' instead on input line 1.

! Corrupted NFSS tables.
wrong@fontshape ...message {Corrupted NFSS tables}
                                                  error@fontshape else let f...
l.1 ...y}\subsection*{6. Teoria dell'Affidabilità
                                                  }}
This error message was generated by an \errmessage
command, so I can't give any explicit help.
Pretend that you're Hercule Poirot: Examine all clues,
and deduce the truth by order and method.


LaTeX Font Warning: Font shape `/cmr/m/n' undefined
(Font)              using `OT1/cmr/m/n' instead on input line 1.

Missing character: There is no S in font nullfont!
Missing character: There is no i in font nullfont!
Missing character: There is no a in font nullfont!
LaTeX Font Info:    External font `cmex10' loaded for size
(Font)              <7> on input line 2.
LaTeX Font Info:    External font `cmex10' loaded for size
(Font)              <5> on input line 2.
Missing character: There is no i in font nullfont!
Missing character: There is no l in font nullfont!
Missing character: There is no t in font nullfont!
Missing character: There is no e in font nullfont!
Missing character: There is no m in font nullfont!
Missing character: There is no p in font nullfont!
Missing character: There is no o in font nullfont!
Missing character: There is no d in font nullfont!
Missing character: There is no i in font nullfont!
Missing character: There is no v in font nullfont!
Missing character: There is no i in font nullfont!
Missing character: There is no t in font nullfont!
Missing character: There is no a in font nullfont!
Missing character: There is no d in font nullfont!
Missing character: There is no i in font nullfont!
Missing character: There is no u in font nullfont!
Missing character: There is no n in font nullfont!
Missing character: There is no s in font nullfont!
Missing character: There is no i in font nullfont!
Missing character: There is no s in font nullfont!
Missing character: There is no t in font nullfont!
Missing character: There is no e in font nullfont!
Missing character: There is no m in font nullfont!
Missing character: There is no a in font nullfont!
Missing character: There is no c in font nullfont!
Missing character: There is no o in font nullfont!
Missing character: There is no n in font nullfont!
Missing character: There is no d in font nullfont!
Missing character: There is no e in font nullfont!
Missing character: There is no n in font nullfont!
Missing character: There is no s in font nullfont!
Missing character: There is no i in font nullfont!
Missing character: There is no t in font nullfont!
Missing character: There is no e in font nullfont!
Missing character: There is no r in font nullfont!
Missing character: There is no i in font nullfont!
Missing character: There is no p in font nullfont!
Missing character: There is no a in font nullfont!
Missing character: There is no r in font nullfont!
Missing character: There is no t in font nullfont!
Missing character: There is no i in font nullfont!
Missing character: There is no z in font nullfont!
Missing character: There is no i in font nullfont!
Missing character: There is no o in font nullfont!
Missing character: There is no n in font nullfont!
Missing character: There is no e in font nullfont!
Missing character: There is no . in font nullfont!

Overfull \hbox (20.0pt too wide) in paragraph at lines 1--3
[]
 []


Overfull \hbox (10.00003pt too wide) in paragraph at lines 1--3
\/cmr/m/n/10 ^^Ra
 []


Overfull \hbox (17.78816pt too wide) in paragraph at lines 1--3
\OML/cmm/m/it/10 T \OMS/cmsy/m/n/10 ^^U
 []


Overfull \hbox (5.00002pt too wide) in paragraph at lines 1--3
\/cmr/m/n/10 0$
 []


Overfull \hbox (5.00002pt too wide) in paragraph at lines 1--3
\/cmr/m/n/10 ^^Ra
 []


Overfull \hbox (17.36118pt too wide) in paragraph at lines 1--3
\OML/cmm/m/it/10 f\/cmr/m/n/10 (\OML/cmm/m/it/10 t\/cmr/m/n/10 )$
 []


Overfull \hbox (19.20837pt too wide) in paragraph at lines 1--3
\OML/cmm/m/it/10 F\/cmr/m/n/10 (\OML/cmm/m/it/10 t\/cmr/m/n/10 )$ 
 []

Missing character: There is no : in font nullfont!

Overfull \hbox (44.7706pt too wide) in paragraph at lines 4--5
\OT1/cmr/bx/n/10 Funzione
 []


Overfull \hbox (9.58328pt too wide) in paragraph at lines 4--5
\OT1/cmr/bx/n/10 di
 []


Overfull \hbox (15.97214pt too wide) in paragraph at lines 4--5
\OT1/cmr/bx/n/10 So-
 []


Overfull \hbox (26.29846pt too wide) in paragraph at lines 4--5
\OT1/cmr/bx/n/10 prav-
 []


Overfull \hbox (37.37479pt too wide) in paragraph at lines 4--5
\OT1/cmr/bx/n/10 vivenza 
 []


Overfull \hbox (187.49063pt too wide) detected at line 5
\OML/cmm/m/it/10 R\/cmr/m/n/10 (\OML/cmm/m/it/10 t\/cmr/m/n/10 ) = \OML/cmm/m/i
t/10 P\/cmr/m/n/10 (\OML/cmm/m/it/10 T > t\/cmr/m/n/10 ) = 1 \OMS/cmsy/m/n/10 ^
^@ \OML/cmm/m/it/10 F\/cmr/m/n/10 (\OML/cmm/m/it/10 t\/cmr/m/n/10 ) = [][] \OML
/cmm/m/it/10 f\/cmr/m/n/10 (\OML/cmm/m/it/10 u\/cmr/m/n/10 )\OML/cmm/m/it/10 du

 []

Missing character: There is no : in font nullfont!

Overfull \hbox (36.41644pt too wide) in paragraph at lines 6--7
\OT1/cmr/bx/n/10 Hazard
 []


Overfull \hbox (23.95819pt too wide) in paragraph at lines 6--7
\OT1/cmr/bx/n/10 Rate
 []


Overfull \hbox (31.92616pt too wide) in paragraph at lines 6--7
\OT1/cmr/bx/n/10 (Tasso
 []


Overfull \hbox (9.58328pt too wide) in paragraph at lines 6--7
\OT1/cmr/bx/n/10 di
 []


Overfull \hbox (40.25113pt too wide) in paragraph at lines 6--7
\OT1/cmr/bx/n/10 Guasto) 
 []


Overfull \hbox (261.86563pt too wide) detected at line 7
\OML/cmm/m/it/10 ^^U\/cmr/m/n/10 (\OML/cmm/m/it/10 t\/cmr/m/n/10 ) = [] [] = []
 = \OMS/cmsy/m/n/10 ^^@[] [] \OML/cmm/m/it/10 R\/cmr/m/n/10 (\OML/cmm/m/it/10 t
\/cmr/m/n/10 )
 []

Missing character: There is no : in font nullfont!

Overfull \hbox (48.39557pt too wide) in paragraph at lines 8--9
\OT1/cmr/bx/n/10 Relazione
 []


Overfull \hbox (22.24988pt too wide) in paragraph at lines 8--9
\OT1/cmr/bx/n/10 Fon-
 []


Overfull \hbox (15.8124pt too wide) in paragraph at lines 8--9
\OT1/cmr/bx/n/10 da-
 []


Overfull \hbox (25.07626pt too wide) in paragraph at lines 8--9
\OT1/cmr/bx/n/10 men-
 []


Overfull \hbox (18.52766pt too wide) in paragraph at lines 8--9
\OT1/cmr/bx/n/10 tale 
 []

! Undefined control sequence.
l.9     \[ R(t) = e^{-\Lambda(t)} \quad \text
                                             {con} \quad \Lambda(t) = \int_0...
The control sequence at the end of the top line
of your error message was never \def'ed. If you have
misspelled it (e.g., `\hobx'), type `I' and the correct
spelling (e.g., `I\hbox'). Otherwise just continue,
and I'll forget about whatever was undefined.

! Undefined control sequence.
l.9 ...mbda(t) = \int_0^t \lambda(u)du \quad \text
                                                  {(Hazard Cumulato)} \]
The control sequence at the end of the top line
of your error message was never \def'ed. If you have
misspelled it (e.g., `\hobx'), type `I' and the correct
spelling (e.g., `I\hbox'). Otherwise just continue,
and I'll forget about whatever was undefined.


Overfull \hbox (238.41376pt too wide) detected at line 9
\OML/cmm/m/it/10 R\/cmr/m/n/10 (\OML/cmm/m/it/10 t\/cmr/m/n/10 ) = \OML/cmm/m/i
t/10 e[] [] \/cmr/m/n/10 ^^C(\OML/cmm/m/it/10 t\/cmr/m/n/10 ) = [][] \OML/cmm/m
/it/10 ^^U\/cmr/m/n/10 (\OML/cmm/m/it/10 u\/cmr/m/n/10 )\OML/cmm/m/it/10 du []
 []

Missing character: There is no : in font nullfont!

Overfull \hbox (38.27199pt too wide) in paragraph at lines 10--11
\OT1/cmr/bx/n/10 Densit^^Ra
 []


Overfull \hbox (9.58328pt too wide) in paragraph at lines 10--11
\OT1/cmr/bx/n/10 in
 []


Overfull \hbox (20.1249pt too wide) in paragraph at lines 10--11
\OT1/cmr/bx/n/10 fun-
 []


Overfull \hbox (25.71515pt too wide) in paragraph at lines 10--11
\OT1/cmr/bx/n/10 zione
 []


Overfull \hbox (9.58328pt too wide) in paragraph at lines 10--11
\OT1/cmr/bx/n/10 di
 []


Overfull \hbox (17.22227pt too wide) in paragraph at lines 10--11
\OML/cmm/m/it/10 ^^U\/cmr/m/n/10 (\OML/cmm/m/it/10 t\/cmr/m/n/10 )$ 
 []


Overfull \hbox (146.26607pt too wide) detected at line 11
\OML/cmm/m/it/10 f\/cmr/m/n/10 (\OML/cmm/m/it/10 t\/cmr/m/n/10 ) = \OML/cmm/m/i
t/10 ^^U\/cmr/m/n/10 (\OML/cmm/m/it/10 t\/cmr/m/n/10 )\OML/cmm/m/it/10 e[] \/cm
r/m/n/10 = \OML/cmm/m/it/10 ^^U\/cmr/m/n/10 (\OML/cmm/m/it/10 t\/cmr/m/n/10 )\O
ML/cmm/m/it/10 R\/cmr/m/n/10 (\OML/cmm/m/it/10 t\/cmr/m/n/10 )
 []

Missing character: There is no : in font nullfont!

Overfull \hbox (34.35399pt too wide) in paragraph at lines 12--13
\OT1/cmr/bx/n/10 Tempo
 []


Overfull \hbox (9.58328pt too wide) in paragraph at lines 12--13
\OT1/cmr/bx/n/10 di
 []


Overfull \hbox (21.95125pt too wide) in paragraph at lines 12--13
\OT1/cmr/bx/n/10 Vita
 []


Overfull \hbox (31.52068pt too wide) in paragraph at lines 12--13
\OT1/cmr/bx/n/10 Medio
 []


Overfull \hbox (43.09698pt too wide) in paragraph at lines 12--13
\OT1/cmr/bx/n/10 (MTTF) 
 []

! Undefined control sequence.
l.13     \[ \mathbb
                   {E}[T] = \int_0^{+\infty} R(t)dt \qquad \mathbb{E}[T^2] =...
The control sequence at the end of the top line
of your error message was never \def'ed. If you have
misspelled it (e.g., `\hobx'), type `I' and the correct
spelling (e.g., `I\hbox'). Otherwise just continue,
and I'll forget about whatever was undefined.

! Undefined control sequence.
l.13 ...] = \int_0^{+\infty} R(t)dt \qquad \mathbb
                                                  {E}[T^2] = 2\int_0^{+\inft...
The control sequence at the end of the top line
of your error message was never \def'ed. If you have
misspelled it (e.g., `\hobx'), type `I' and the correct
spelling (e.g., `I\hbox'). Otherwise just continue,
and I'll forget about whatever was undefined.


Overfull \hbox (191.2291pt too wide) detected at line 13
\OML/cmm/m/it/10 E\/cmr/m/n/10 [\OML/cmm/m/it/10 T\/cmr/m/n/10 ] = [][] \OML/cm
m/m/it/10 R\/cmr/m/n/10 (\OML/cmm/m/it/10 t\/cmr/m/n/10 )\OML/cmm/m/it/10 dt E\
/cmr/m/n/10 [\OML/cmm/m/it/10 T[]\/cmr/m/n/10 ] = 2 [][] \OML/cmm/m/it/10 tR\/c
mr/m/n/10 (\OML/cmm/m/it/10 t\/cmr/m/n/10 )\OML/cmm/m/it/10 dt
 []

! Undefined control sequence.
l.14     \[ \text
                 {Var}(T) = \mathbb{E}[T^2] - (\mathbb{E}[T])^2 = 2\int_0^{+...
The control sequence at the end of the top line
of your error message was never \def'ed. If you have
misspelled it (e.g., `\hobx'), type `I' and the correct
spelling (e.g., `I\hbox'). Otherwise just continue,
and I'll forget about whatever was undefined.

! Undefined control sequence.
l.14     \[ \text{Var}(T) = \mathbb
                                   {E}[T^2] - (\mathbb{E}[T])^2 = 2\int_0^{+...
The control sequence at the end of the top line
of your error message was never \def'ed. If you have
misspelled it (e.g., `\hobx'), type `I' and the correct
spelling (e.g., `I\hbox'). Otherwise just continue,
and I'll forget about whatever was undefined.

! Undefined control sequence.
l.14 ...\text{Var}(T) = \mathbb{E}[T^2] - (\mathbb
                                                  {E}[T])^2 = 2\int_0^{+\inf...
The control sequence at the end of the top line
of your error message was never \def'ed. If you have
misspelled it (e.g., `\hobx'), type `I' and the correct
spelling (e.g., `I\hbox'). Otherwise just continue,
and I'll forget about whatever was undefined.


Overfull \hbox (271.39832pt too wide) detected at line 14
[]\/cmr/m/n/10 (\OML/cmm/m/it/10 T\/cmr/m/n/10 ) = \OML/cmm/m/it/10 E\/cmr/m/n/
10 [\OML/cmm/m/it/10 T[]\/cmr/m/n/10 ] \OMS/cmsy/m/n/10 ^^@ \/cmr/m/n/10 (\OML/
cmm/m/it/10 E\/cmr/m/n/10 [\OML/cmm/m/it/10 T\/cmr/m/n/10 ])[] = 2 [][] \OML/cm
m/m/it/10 tR\/cmr/m/n/10 (\OML/cmm/m/it/10 t\/cmr/m/n/10 )\OML/cmm/m/it/10 dt \
OMS/cmsy/m/n/10 ^^@ [][]
 []

! Undefined control sequence.
l.17 {\color
            {navy}\subsection*{7. Modelli di Affidabilità Notevoli}}
The control sequence at the end of the top line
of your error message was never \def'ed. If you have
misspelled it (e.g., `\hobx'), type `I' and the correct
spelling (e.g., `I\hbox'). Otherwise just continue,
and I'll forget about whatever was undefined.

Missing character: There is no n in font nullfont!
Missing character: There is no a in font nullfont!
Missing character: There is no v in font nullfont!
Missing character: There is no y in font nullfont!
! Undefined control sequence.
l.17 {\color{navy}\subsection
                             *{7. Modelli di Affidabilità Notevoli}}
The control sequence at the end of the top line
of your error message was never \def'ed. If you have
misspelled it (e.g., `\hobx'), type `I' and the correct
spelling (e.g., `I\hbox'). Otherwise just continue,
and I'll forget about whatever was undefined.

Missing character: There is no * in font nullfont!
Missing character: There is no 7 in font nullfont!
Missing character: There is no . in font nullfont!
Missing character: There is no M in font nullfont!
Missing character: There is no o in font nullfont!
Missing character: There is no d in font nullfont!
Missing character: There is no e in font nullfont!
Missing character: There is no l in font nullfont!
Missing character: There is no l in font nullfont!
Missing character: There is no i in font nullfont!
Missing character: There is no d in font nullfont!
Missing character: There is no i in font nullfont!
Missing character: There is no A in font nullfont!
Missing character: There is no f in font nullfont!
Missing character: There is no f in font nullfont!
Missing character: There is no i in font nullfont!
Missing character: There is no d in font nullfont!
Missing character: There is no a in font nullfont!
Missing character: There is no b in font nullfont!
Missing character: There is no i in font nullfont!
Missing character: There is no l in font nullfont!
Missing character: There is no i in font nullfont!
Missing character: There is no t in font nullfont!
Missing character: There is no N in font nullfont!
Missing character: There is no o in font nullfont!
Missing character: There is no t in font nullfont!
Missing character: There is no e in font nullfont!
Missing character: There is no v in font nullfont!
Missing character: There is no o in font nullfont!
Missing character: There is no l in font nullfont!
Missing character: There is no i in font nullfont!

Overfull \hbox (20.0pt too wide) in paragraph at lines 17--18
[]
 []


Overfull \hbox (5.00002pt too wide) in paragraph at lines 17--18
\/cmr/m/n/10 ^^Ra 
 []

Missing character: There is no ( in font nullfont!
Missing character: There is no , in font nullfont!
Missing character: There is no t in font nullfont!
Missing character: There is no a in font nullfont!
Missing character: There is no s in font nullfont!
Missing character: There is no s in font nullfont!
Missing character: There is no o in font nullfont!
Missing character: There is no c in font nullfont!
Missing character: There is no o in font nullfont!
Missing character: There is no s in font nullfont!
Missing character: There is no t in font nullfont!
Missing character: There is no a in font nullfont!
Missing character: There is no n in font nullfont!
Missing character: There is no t in font nullfont!
Missing character: There is no e in font nullfont!
Missing character: There is no ) in font nullfont!
Missing character: There is no : in font nullfont!

Overfull \hbox (24.18178pt too wide) in paragraph at lines 19--20
\OT1/cmr/bx/n/10 Caso
 []


Overfull \hbox (28.38316pt too wide) in paragraph at lines 19--20
\OT1/cmr/bx/n/10 Espo-
 []


Overfull \hbox (21.88184pt too wide) in paragraph at lines 19--20
\OT1/cmr/bx/n/10 nen-
 []


Overfull \hbox (22.36098pt too wide) in paragraph at lines 19--20
\OT1/cmr/bx/n/10 ziale
 []


Overfull \hbox (27.77779pt too wide) in paragraph at lines 19--20
\OML/cmm/m/it/10 ^^U\/cmr/m/n/10 (\OML/cmm/m/it/10 t\/cmr/m/n/10 ) =
 []


Overfull \hbox (16.38887pt too wide) in paragraph at lines 19--20
\OML/cmm/m/it/10 ^^U >
 []


Overfull \hbox (5.00002pt too wide) in paragraph at lines 19--20
\/cmr/m/n/10 0$
 []

! Undefined control sequence.
l.20 ...t) = \lambda e^{-\lambda t}, \quad \mathbb
                                                  {E}[T] = \frac{1}{\lambda}...
The control sequence at the end of the top line
of your error message was never \def'ed. If you have
misspelled it (e.g., `\hobx'), type `I' and the correct
spelling (e.g., `I\hbox'). Otherwise just continue,
and I'll forget about whatever was undefined.

! Undefined control sequence.
l.20 ...hbb{E}[T] = \frac{1}{\lambda}, \quad \text
                                                  {Var}(T) = \frac{1}{\lambd...
The control sequence at the end of the top line
of your error message was never \def'ed. If you have
misspelled it (e.g., `\hobx'), type `I' and the correct
spelling (e.g., `I\hbox'). Otherwise just continue,
and I'll forget about whatever was undefined.


Overfull \hbox (222.10075pt too wide) detected at line 20
\OML/cmm/m/it/10 R\/cmr/m/n/10 (\OML/cmm/m/it/10 t\/cmr/m/n/10 ) = \OML/cmm/m/i
t/10 e[];  f\/cmr/m/n/10 (\OML/cmm/m/it/10 t\/cmr/m/n/10 ) = \OML/cmm/m/it/10 ^
^Ue[];  E\/cmr/m/n/10 [\OML/cmm/m/it/10 T\/cmr/m/n/10 ] = []\OML/cmm/m/it/10 ; 
 []\/cmr/m/n/10 (\OML/cmm/m/it/10 T\/cmr/m/n/10 ) = []
 []

Missing character: There is no ( in font nullfont!
Missing character: There is no c in font nullfont!
Missing character: There is no o in font nullfont!
Missing character: There is no n in font nullfont!
Missing character: There is no ) in font nullfont!
Missing character: There is no : in font nullfont!

Overfull \hbox (24.18178pt too wide) in paragraph at lines 21--22
\OT1/cmr/bx/n/10 Caso
 []


Overfull \hbox (38.5623pt too wide) in paragraph at lines 21--22
\OT1/cmr/bx/n/10 Weibull
 []


Overfull \hbox (27.77779pt too wide) in paragraph at lines 21--22
\OML/cmm/m/it/10 ^^U\/cmr/m/n/10 (\OML/cmm/m/it/10 t\/cmr/m/n/10 ) =
 []


Overfull \hbox (31.85945pt too wide) in paragraph at lines 21--22
\OML/cmm/m/it/10 ^^Lt[]$
 []


Overfull \hbox (27.61798pt too wide) in paragraph at lines 21--22
\OML/cmm/m/it/10 ; ^^L >
 []


Overfull \hbox (5.00002pt too wide) in paragraph at lines 21--22
\/cmr/m/n/10 0$ 
 []

Missing character: There is no S in font nullfont!
Missing character: There is no e in font nullfont!
Missing character: There is no : in font nullfont!
Missing character: There is no E in font nullfont!
Missing character: There is no s in font nullfont!
Missing character: There is no p in font nullfont!
Missing character: There is no o in font nullfont!
Missing character: There is no n in font nullfont!
Missing character: There is no e in font nullfont!
Missing character: There is no n in font nullfont!
Missing character: There is no z in font nullfont!
Missing character: There is no i in font nullfont!
Missing character: There is no a in font nullfont!
Missing character: There is no l in font nullfont!
Missing character: There is no e in font nullfont!
Missing character: There is no ( in font nullfont!
Missing character: There is no t in font nullfont!
Missing character: There is no a in font nullfont!
Missing character: There is no s in font nullfont!
Missing character: There is no s in font nullfont!
Missing character: There is no o in font nullfont!
Missing character: There is no c in font nullfont!
Missing character: There is no o in font nullfont!
Missing character: There is no s in font nullfont!
Missing character: There is no t in font nullfont!
Missing character: There is no a in font nullfont!
Missing character: There is no n in font nullfont!
Missing character: There is no t in font nullfont!
Missing character: There is no e in font nullfont!
Missing character: There is no ) in font nullfont!
Missing character: There is no . in font nullfont!

Overfull \hbox (16.73953pt too wide) in paragraph at lines 23--24
\OML/cmm/m/it/10 ^^L \/cmr/m/n/10 =
 []


Overfull \hbox (5.00002pt too wide) in paragraph at lines 23--24
\/cmr/m/n/10 1$
 []


Overfull \hbox (6.43404pt too wide) in paragraph at lines 23--24
\OML/cmm/m/it/10 $ 
 []

Missing character: There is no S in font nullfont!
Missing character: There is no e in font nullfont!
Missing character: There is no : in font nullfont!
Missing character: There is no T in font nullfont!
Missing character: There is no a in font nullfont!
Missing character: There is no s in font nullfont!
Missing character: There is no s in font nullfont!
Missing character: There is no o in font nullfont!
Missing character: There is no c in font nullfont!
Missing character: There is no r in font nullfont!
Missing character: There is no e in font nullfont!
Missing character: There is no s in font nullfont!
Missing character: There is no c in font nullfont!
Missing character: There is no e in font nullfont!
Missing character: There is no n in font nullfont!
Missing character: There is no t in font nullfont!
Missing character: There is no e in font nullfont!
Missing character: There is no ( in font nullfont!
Missing character: There is no u in font nullfont!
Missing character: There is no s in font nullfont!
Missing character: There is no u in font nullfont!
Missing character: There is no r in font nullfont!
Missing character: There is no a in font nullfont!
Missing character: There is no / in font nullfont!
Missing character: There is no i in font nullfont!
Missing character: There is no n in font nullfont!
Missing character: There is no v in font nullfont!
Missing character: There is no e in font nullfont!
Missing character: There is no c in font nullfont!
Missing character: There is no c in font nullfont!
Missing character: There is no h in font nullfont!
Missing character: There is no i in font nullfont!
Missing character: There is no a in font nullfont!
Missing character: There is no m in font nullfont!
Missing character: There is no e in font nullfont!
Missing character: There is no n in font nullfont!
Missing character: There is no t in font nullfont!
Missing character: There is no o in font nullfont!
Missing character: There is no ) in font nullfont!
Missing character: There is no . in font nullfont!

Overfull \hbox (16.73953pt too wide) in paragraph at lines 24--25
\OML/cmm/m/it/10 ^^L >
 []


Overfull \hbox (5.00002pt too wide) in paragraph at lines 24--25
\/cmr/m/n/10 1$
 []

Missing character: There is no S in font nullfont!
Missing character: There is no e in font nullfont!
Missing character: There is no : in font nullfont!
Missing character: There is no T in font nullfont!
Missing character: There is no a in font nullfont!
Missing character: There is no s in font nullfont!
Missing character: There is no s in font nullfont!
Missing character: There is no o in font nullfont!
Missing character: There is no d in font nullfont!
Missing character: There is no e in font nullfont!
Missing character: There is no c in font nullfont!
Missing character: There is no r in font nullfont!
Missing character: There is no e in font nullfont!
Missing character: There is no s in font nullfont!
Missing character: There is no c in font nullfont!
Missing character: There is no e in font nullfont!
Missing character: There is no n in font nullfont!
Missing character: There is no t in font nullfont!
Missing character: There is no e in font nullfont!
Missing character: There is no ( in font nullfont!
Missing character: There is no m in font nullfont!
Missing character: There is no o in font nullfont!
Missing character: There is no r in font nullfont!
Missing character: There is no t in font nullfont!
Missing character: There is no a in font nullfont!
Missing character: There is no l in font nullfont!
Missing character: There is no i in font nullfont!
Missing character: There is no t in font nullfont!
Missing character: There is no i in font nullfont!
Missing character: There is no n in font nullfont!
Missing character: There is no f in font nullfont!
Missing character: There is no a in font nullfont!
Missing character: There is no n in font nullfont!
Missing character: There is no t in font nullfont!
Missing character: There is no i in font nullfont!
Missing character: There is no l in font nullfont!
Missing character: There is no e in font nullfont!
Missing character: There is no ) in font nullfont!
Missing character: There is no . in font nullfont!

Overfull \hbox (16.73953pt too wide) in paragraph at lines 25--26
\OML/cmm/m/it/10 ^^L <
 []


Overfull \hbox (5.00002pt too wide) in paragraph at lines 25--26
\/cmr/m/n/10 1$
 []


Overfull \hbox (5.00002pt too wide) in paragraph at lines 25--26
\/cmr/m/n/10 ^^Ra 
 []


Overfull \hbox (148.06255pt too wide) detected at line 27
\OML/cmm/m/it/10 R\/cmr/m/n/10 (\OML/cmm/m/it/10 t\/cmr/m/n/10 ) = \OML/cmm/m/i
t/10 e[];  f\/cmr/m/n/10 (\OML/cmm/m/it/10 t\/cmr/m/n/10 ) = \OML/cmm/m/it/10 
^^Lt[]e[]
 []

! Undefined control sequence.
l.28     \[ \mathbb
                   {E}[T] = \alpha^{-1/\beta} \Gamma\left(1 + \frac{1}{\beta...
The control sequence at the end of the top line
of your error message was never \def'ed. If you have
misspelled it (e.g., `\hobx'), type `I' and the correct
spelling (e.g., `I\hbox'). Otherwise just continue,
and I'll forget about whatever was undefined.


Overfull \hbox (108.6864pt too wide) detected at line 28
\OML/cmm/m/it/10 E\/cmr/m/n/10 [\OML/cmm/m/it/10 T\/cmr/m/n/10 ] = \OML/cmm/m/i
t/10 []\/cmr/m/n/10 ^^@ []
 []

! Undefined control sequence.
l.29     \[ \text
                 {Var}(T) = \alpha^{-2/\beta} \left[ \Gamma\left(1 + \frac{2...
The control sequence at the end of the top line
of your error message was never \def'ed. If you have
misspelled it (e.g., `\hobx'), type `I' and the correct
spelling (e.g., `I\hbox'). Otherwise just continue,
and I'll forget about whatever was undefined.


Overfull \hbox (198.45673pt too wide) detected at line 29
[]\/cmr/m/n/10 (\OML/cmm/m/it/10 T\/cmr/m/n/10 ) = \OML/cmm/m/it/10 [] []
 []

)
! Emergency stop.
<*> formulario2.tex
                   
*** (job aborted, no legal \end found)

 
Here is how much of TeX's memory you used:
 35 strings out of 469504
 603 string characters out of 5470379
 439756 words of memory out of 5000000
 28790 multiletter control sequences out of 15000+600000
 628029 words of font info for 41 fonts, out of 8000000 for 9000
 14 hyphenation exceptions out of 8191
 23i,3n,32p,170b,142s stack positions out of 10000i,1000n,20000p,200000b,200000s
!  ==> Fatal error occurred, no output PDF file produced!
